[ 8. -3.]
[ 6.055 -1.155]
[ 4.218  0.335]
[ 2.552  1.247]
[ 1.125  1.509]
[-0.001  1.25 ]
[-0.789  0.703]
[-1.236  0.105]
[-1.376 -0.347]
[-1.276 -0.545]

[ 7.  7.  7.]
[ 2.063  2.129  8.425]
[ 0.958  1.392  9.031]
[ 0.541  1.17   9.353]
[ 0.35   1.084  9.545]
[ 0.25   1.045  9.669]
[ 0.195  1.026  9.753]
[ 0.162  1.015  9.811]
[ 0.142  1.009  9.853]
[ 0.129  1.006  9.884]
