-150.00 [━━━━━━━━━━━━━━━━━━━━━━━━━━━━━━━━━━━━━━━━━━━━━━━━━━]
-126.60 [━━━━━━━━━━━━━━━━━━━━━━━━━━━━━━━━━━━━━━━━━━━━━━━━━━]
-103.20 [━━━━━━━━━━━━━━━━━━━━━━━━━━━━━━━━━━━━━━━━━━━━━━━━━━]
 -79.80 [          ━━━━━━━━━━━━━━━━━━━━━━━━━━━━━━━━━━━━━━━━]
 -56.40 [                      ━━━━━━━━━━━━━━━━━━━━━━━━━━━━]
 -33.00 [                                 ╺━━━━━━━━━━━━━━━━]
  -9.60 [                                             ━━━━━]
  13.80 [██████▉                                           ]
  37.20 [██████████████████▋                               ]
  60.60 [██████████████████████████████▎                   ]
  84.00 [██████████████████████████████████████████        ]
 107.40 [██████████████████████████████████████████████████]
 130.80 [██████████████████████████████████████████████████]
1000.00 [██████████████████████████████████████████████████]
10000.00[██████████████████████████████████████████████████]
100000.0[██████████████████████████████████████████████████]
1000000.[██████████████████████████████████████████████████]
-1.00 [━━]
-0.94 [━━]
-0.88 [━━]
-0.81 [╺━]
-0.75 [╺━]
-0.69 [╺━]
-0.62 [ ━]
-0.56 [ ━]
-0.50 [ ━]
-0.44 [ ━]
-0.38 [ ━]
-0.31 [ ╺]
-0.25 [ ╺]
-0.19 [ ╺]
-0.12 [  ]
-0.06 [  ]
 0.00 [  ]
 0.06 [▏ ]
 0.12 [▎ ]
 0.19 [▍ ]
 0.25 [▌ ]
 0.31 [▋ ]
 0.38 [▊ ]
 0.44 [▉ ]
 0.50 [█ ]
 0.56 [█▏]
 0.62 [█▎]
 0.69 [█▍]
 0.75 [█▌]
 0.81 [█▋]
 0.88 [█▊]
 0.94 [█▉]
 1.00 [██]
   0.12 [                                                  ]
   0.13 [▏                                                 ]
   0.37 [▏                                                 ]
   0.38 [▎                                                 ]
