[ 77.255  87.619]
[[-0.5   -0.5   -0.5   -0.5   -0.707 -0.707]
 [ 3.828 -3.828  5.536 -5.536  1.    -1.   ]]
[[ 59.255  67.119]
 [ 73.255  83.119]]
[[-0.25  -0.25   0.5    0.5    0.354  0.354]
 [-2.414  2.414 -3.018  3.018 -0.5    0.5  ]]
[ 0.174 -1.381]
[ 0.174 -0.138]
[[  1.325   1.775 -40.942 -54.847  18.738  25.102]
 [ -1.308   0.131  -5.247   0.525   5.     -0.5  ]]
[ 0.172 -0.881]
[[  1.064   1.438 -32.884 -44.421  15.05   20.33 ]
 [ -1.269   0.292  -5.091   1.173   4.851  -1.118]]
