Forward pass: [ 2.  3.]
[ 2.  3.] [ 1.  1.]
Forward pass: [ 2.  3.]
[ 0.964  0.995] [ 0.071  0.01 ]
Forward pass: [ 2.  3.]
[ 2.964  3.995] [ 1.071  1.01 ]
Forward pass: [ 2.  3.]
[ 4.  9.] [ 4.  6.]
