Layer output:
[[[[ 0.  1.]
   [ 2.  3.]
   [ 4.  5.]]]]

Layer output:
[[[[ 0.  1.  2.]
   [ 3.  4.  5.]]]]

Layer output:
[[[[ 0.  0. -2.]
   [ 3.  0. -5.]]]]

Layer output:
[[[[ 0.   0.  -2. ]
   [ 2.5  0.  -2.5]]]]

Layer output:
[[[ 0.   0.  -2.   2.5  0.  -2.5]]]

Gradient:
[[[ 1.  1.  1.  1.  1.  1.]]]

Gradient:
[[[[ 1.  1.  1.]
   [ 1.  1.  1.]]]]

Gradient:
[[[[ 1.  1.  1.]
   [ 0.  1.  1.]]]]

Gradient:
[[[[ 1.  0. -1.]
   [ 0.  0. -1.]]]]

Gradient:
[[[[ 1.  0.]
   [-1.  0.]
   [ 0. -1.]]]]

[ 0.  5.  7.]
