Horizon = 5, paired values
[-1. -1. -1.  1.  1.  1.]
[-1. -1. -1.  1.  1.  1.]
[-1. -1. -1.  1.  1.  1.]
[-1. -1. -1.  1.  1.  1.]
[-1. -1. -1.  1.  1.  1.]
[-1. -1. -1.  1.  1.  1.]
[-1. -1. -1.  1.  1.  1.]
[-1. -1. -1.  1.  1.  1.]
[-1. -1. -1.  1.  1.  1.]
[-1. -1. -1.  1.  1.  1.]
Horizon = 5, alternating values
[ 0.     0.     0.     0.667  0.667  0.667]
[-0.6   -0.6   -0.6    0.813  0.813  0.813]
[-0.75  -0.75  -0.75   0.854  0.854  0.854]
[-0.814 -0.814 -0.814  0.872  0.872  0.872]
[-0.847 -0.847 -0.847  0.881  0.881  0.881]
[-0.865 -0.865 -0.865  0.886  0.886  0.886]
[-0.876 -0.876 -0.876  0.889  0.889  0.889]
[-0.883 -0.883 -0.883  0.891  0.891  0.891]
[-0.887 -0.887 -0.887  0.892  0.892  0.892]
[-0.89  -0.89  -0.89   0.893  0.893  0.893]
Horizon = 5, up and down
[ 0.667  0.512  0.416  0.349  0.298  0.258  0.224  0.197  0.173  0.153]
[-1.796 -1.227 -0.952 -0.778 -0.654 -0.559 -0.484 -0.423 -0.371 -0.327]
Horizon = 2, linear shift
[[-1.581 -1.265 -0.949 -0.632 -0.316  0.     0.316  0.632  0.949  1.265  1.581]
 [-1.423 -1.111 -0.798 -0.486 -0.174  0.139  0.451  0.764  1.076  1.388  1.701]
 [-1.271 -0.964 -0.658 -0.352 -0.045  0.261  0.568  0.874  1.18   1.487  1.793]]
