No horizon
[ 1.   1.5  2.   2.5  3.   3.5  4.   4.5  5.   5.5]
[[  1.    1.5   2.    2.5   3.    3.5   4.    4.5   5.    5.5]
 [ 10.    9.5   9.    8.5   8.    7.5   7.    6.5   6.    5.5]]
Horizon = 5
[ 1.     1.556  2.148  2.775  3.437  4.132  4.858  5.613  6.395  7.203]
[[  1.      1.556   2.148   2.775   3.437   4.132   4.858   5.613   6.395   7.203]
 [ 10.      9.444   8.852   8.225   7.563   6.868   6.142   5.387   4.605   3.797]]
Horizon = 100
[[  1.      1.503   2.007   2.513   3.02    3.529   4.04    4.553   5.067   5.583]
 [ 10.      9.497   8.993   8.487   7.98    7.471   6.96    6.447   5.933   5.417]]
Double updates vs weight=2.0
[[  1.      1.552   2.139   2.76    3.414   4.098   4.813   5.556   6.326   7.121]
 [ 10.      9.448   8.861   8.24    7.586   6.902   6.187   5.444   4.674   3.879]]
[[  1.      1.552   2.139   2.76    3.414   4.098   4.813   5.556   6.326   7.121]
 [ 10.      9.448   8.861   8.24    7.586   6.902   6.187   5.444   4.674   3.879]]
