[-1. -1. -1.] [ 1.  1.  1.]
[-1. -1. -1.] [ 1.  1.  1.]
[-1. -1. -1.] [ 1.  1.  1.]
[-1. -1. -1.] [ 1.  1.  1.]
[-1. -1. -1.] [ 1.  1.  1.]
[-1. -1. -1.] [ 1.  1.  1.]
[-1. -1. -1.] [ 1.  1.  1.]
[-1. -1. -1.] [ 1.  1.  1.]
[-1. -1. -1.] [ 1.  1.  1.]
[-1. -1. -1.] [ 1.  1.  1.]

[ 0.  0.  0.] [ 1.342  1.342  1.342]
[-0.994 -0.994 -0.994] [ 1.193  1.193  1.193]
[-1.033 -1.033 -1.033] [ 1.119  1.119  1.119]
[-1.033 -1.033 -1.033] [ 1.078  1.078  1.078]
[-1.027 -1.027 -1.027] [ 1.052  1.052  1.052]
[-1.021 -1.021 -1.021] [ 1.035  1.035  1.035]
[-1.016 -1.016 -1.016] [ 1.024  1.024  1.024]
[-1.012 -1.012 -1.012] [ 1.017  1.017  1.017]
[-1.009 -1.009 -1.009] [ 1.011  1.011  1.011]
[-1.006 -1.006 -1.006] [ 1.008  1.008  1.008]

-1.342
-0.86
-0.648
-0.521
-0.433
-0.368
-0.317
-0.275
-0.241
-0.212
2.08
1.407
1.086
0.885
0.743
0.634
0.549
0.478
0.419
0.37
