<trajectory: 3 x (2,) -> (1,)>
<trajectory: 2 x (2,) -> (1,)>
<trajectory: 1 x (2,) -> (1,)>
[[ 5.  6.]
 [ 3.  4.]
 [ 1.  2.]]
[[ 12.]
 [ 11.]
 [ 10.]]
[ 22.  21.  20.]
[ 22.  21.  20.  22.]
[ 85.  85.  85.  85.]
